     123qwe
123qwe456ads
123,./qwe555
123qw////////////////////////e
